Running in Lattice mode


Starting:    C:\lscc\iCEcube2.2020.12\synpbase\bin64\mbin\synbatch.exe
Install:     C:\lscc\iCEcube2.2020.12\synpbase
Hostname:    JASON-LAB
Date:        Sat Jul 18 20:52:02 2026
Version:     L-2016.09L+ice40

Arguments:   -product synplify_pro -batch APCI_U110_syn.prj
ProductType: synplify_pro





log file: "D:\AmigaPCI\U110\APCI_U110\APCI_U110_Implmnt\APCI_U110.srr"
Running: APCI_U110_Implmnt in foreground

Running APCI_U110_syn|APCI_U110_Implmnt

Running: compile (Compile) on APCI_U110_syn|APCI_U110_Implmnt
# Sat Jul 18 20:52:02 2026

Running: compile_flow (Compile Process) on APCI_U110_syn|APCI_U110_Implmnt
# Sat Jul 18 20:52:02 2026

Running: compiler (Compile Input) on APCI_U110_syn|APCI_U110_Implmnt
# Sat Jul 18 20:52:02 2026
Copied D:\AmigaPCI\U110\APCI_U110\APCI_U110_Implmnt\synwork\APCI_U110_comp.srs to D:\AmigaPCI\U110\APCI_U110\APCI_U110_Implmnt\APCI_U110.srs

compiler completed
# Sat Jul 18 20:52:04 2026

Return Code: 0
Run Time:00h:00m:02s

Running: multi_srs_gen (Multi-srs Generator) on APCI_U110_syn|APCI_U110_Implmnt
# Sat Jul 18 20:52:04 2026

multi_srs_gen completed
# Sat Jul 18 20:52:04 2026

Return Code: 0
Run Time:00h:00m:00s
Copied D:\AmigaPCI\U110\APCI_U110\APCI_U110_Implmnt\synwork\APCI_U110_mult.srs to D:\AmigaPCI\U110\APCI_U110\APCI_U110_Implmnt\APCI_U110.srs
Complete: Compile Process on APCI_U110_syn|APCI_U110_Implmnt

Running: premap (Pre-mapping) on APCI_U110_syn|APCI_U110_Implmnt
# Sat Jul 18 20:52:04 2026

premap completed with warnings
# Sat Jul 18 20:52:04 2026

Return Code: 1
Run Time:00h:00m:00s
Complete: Compile on APCI_U110_syn|APCI_U110_Implmnt

Running: map (Map) on APCI_U110_syn|APCI_U110_Implmnt
# Sat Jul 18 20:52:04 2026
License granted for 4 parallel jobs

Running: fpga_mapper (Map & Optimize) on APCI_U110_syn|APCI_U110_Implmnt
# Sat Jul 18 20:52:04 2026
Copied D:\AmigaPCI\U110\APCI_U110\APCI_U110_Implmnt\synwork\APCI_U110_m.srm to D:\AmigaPCI\U110\APCI_U110\APCI_U110_Implmnt\APCI_U110.srm

fpga_mapper completed with warnings
# Sat Jul 18 20:52:06 2026

Return Code: 1
Run Time:00h:00m:02s
Complete: Map on APCI_U110_syn|APCI_U110_Implmnt
Complete: Logic Synthesis on APCI_U110_syn|APCI_U110_Implmnt

exit status=0

exit status=0

