Running in Lattice mode


Starting:    C:\lscc\iCEcube2.2020.12\synpbase\bin64\mbin\synbatch.exe
Install:     C:\lscc\iCEcube2.2020.12\synpbase
Hostname:    JASON-LAB
Date:        Sat Aug 01 09:33:05 2026
Version:     L-2016.09L+ice40

Arguments:   -product synplify_pro -batch APCI_U712_syn.prj
ProductType: synplify_pro





log file: "D:\AmigaPCI\U712\APCI_U712\APCI_U712_Implmnt\APCI_U712.srr"
Running: APCI_U712_Implmnt in foreground

Running APCI_U712_syn|APCI_U712_Implmnt

Running: compile (Compile) on APCI_U712_syn|APCI_U712_Implmnt
# Sat Aug 01 09:33:05 2026

Running: compile_flow (Compile Process) on APCI_U712_syn|APCI_U712_Implmnt
# Sat Aug 01 09:33:05 2026

Running: compiler (Compile Input) on APCI_U712_syn|APCI_U712_Implmnt
# Sat Aug 01 09:33:05 2026
Copied D:\AmigaPCI\U712\APCI_U712\APCI_U712_Implmnt\synwork\APCI_U712_comp.srs to D:\AmigaPCI\U712\APCI_U712\APCI_U712_Implmnt\APCI_U712.srs

compiler completed
# Sat Aug 01 09:33:07 2026

Return Code: 0
Run Time:00h:00m:02s

Running: multi_srs_gen (Multi-srs Generator) on APCI_U712_syn|APCI_U712_Implmnt
# Sat Aug 01 09:33:07 2026

multi_srs_gen completed
# Sat Aug 01 09:33:07 2026

Return Code: 0
Run Time:00h:00m:00s
Copied D:\AmigaPCI\U712\APCI_U712\APCI_U712_Implmnt\synwork\APCI_U712_mult.srs to D:\AmigaPCI\U712\APCI_U712\APCI_U712_Implmnt\APCI_U712.srs
Complete: Compile Process on APCI_U712_syn|APCI_U712_Implmnt

Running: premap (Pre-mapping) on APCI_U712_syn|APCI_U712_Implmnt
# Sat Aug 01 09:33:07 2026

premap completed
# Sat Aug 01 09:33:08 2026

Return Code: 0
Run Time:00h:00m:01s
Complete: Compile on APCI_U712_syn|APCI_U712_Implmnt

Running: map (Map) on APCI_U712_syn|APCI_U712_Implmnt
# Sat Aug 01 09:33:08 2026
License granted for 4 parallel jobs

Running: fpga_mapper (Map & Optimize) on APCI_U712_syn|APCI_U712_Implmnt
# Sat Aug 01 09:33:08 2026
Copied D:\AmigaPCI\U712\APCI_U712\APCI_U712_Implmnt\synwork\APCI_U712_m.srm to D:\AmigaPCI\U712\APCI_U712\APCI_U712_Implmnt\APCI_U712.srm

fpga_mapper completed with warnings
# Sat Aug 01 09:33:09 2026

Return Code: 1
Run Time:00h:00m:01s
Complete: Map on APCI_U712_syn|APCI_U712_Implmnt
Complete: Logic Synthesis on APCI_U712_syn|APCI_U712_Implmnt

exit status=0

exit status=0

